// Jest Snapshot v1, https://goo.gl/fbAQLP

exports[`SolarSystemPage should render correctly 1`] = `
<Fragment>
  <styled.div>
    This is an interactive version of
     
    <a
      href="https://nssdc.gsfc.nasa.gov/planetary/factsheet/"
    >
      Planetary Fact Sheet
    </a>
     and
     
    <a
      href="https://ssd.jpl.nasa.gov/?sat_phys_par"
    >
      Planetary Satellite Physical Parameters
    </a>
     datasets from
     
    <a
      href="https://www.jpl.nasa.gov/"
    >
      NASA Jet Propulsion Laboratory
    </a>
    .
    <p>
      Tips: 
      <styled.span
        highlight={true}
      >
        Select the planet below
      </styled.span>
       to see only its satellites or
       
      <styled.span
        highlight={true}
      >
        click on the column
      </styled.span>
       to sort.
    </p>
  </styled.div>
  <hr />
  <Connect(Planets) />
</Fragment>
`;
